000 (12636959.000.000) 2025-05-28 15:04:30 Job submitted from host: <128.105.68.62:9618?addrs=128.105.68.62-9618+[2607-f388-2200-100-eaeb-d3ff-fea3-416e]-9618&alias=ap40.uw.osg-htc.org&noUDP&sock=schedd_2550587_1c9b>
...
040 (12636959.000.000) 2025-05-28 15:04:58 Started transferring input files
	Transferring to host: <141.142.254.82:37019?CCBID=128.105.68.62:9618%3faddrs%3d128.105.68.62-9618+[2607-f388-2200-100-eaeb-d3ff-fea3-416e]-9618%26alias%3dap40.uw.osg-htc.org%26noUDP%26sock%3dap_collector#181&PrivNet=gpua082.delta.ncsa.illinois.edu&addrs=141.142.254.82-37019&alias=gpua082.delta.ncsa.illinois.edu&noUDP&sock=slot1_1_219503_7877_3>
...
040 (12636959.000.000) 2025-05-28 15:12:45 Finished transferring input files
...
001 (12636959.000.000) 2025-05-28 15:12:45 Job executing on host: <141.142.254.82:37019?CCBID=128.105.68.62:9618%3faddrs%3d128.105.68.62-9618+[2607-f388-2200-100-eaeb-d3ff-fea3-416e]-9618%26alias%3dap40.uw.osg-htc.org%26noUDP%26sock%3dap_collector#181&PrivNet=gpua082.delta.ncsa.illinois.edu&addrs=141.142.254.82-37019&alias=gpua082.delta.ncsa.illinois.edu&noUDP&sock=startd_219492_d57b>
	SlotName: slot1_1@gpua082.delta.ncsa.illinois.edu
	AvailableGPUs = { GPUs_GPU_59c54a86,GPUs_GPU_7075769e }
	CondorScratchDir = "/scratch/bdrj/iaross/pilot.nDXfmM3d/condor-23.8.1-1-x86_64_AlmaLinux8-stripped/gpua082.delta.ncsa.illinois.edu/execute/dir_1019079"
	Cpus = 2
	Disk = 83887104
	GPUs = 2
	GPUs_GPU_59c54a86 = [ Id = "GPU-59c54a86"; Capability = 8.0; DeviceName = "NVIDIA A100-SXM4-40GB"; DeviceUuid = "59c54a86-c295-93a7-dd55-b60a61e3fea4"; ECCEnabled = true; DriverVersion = 12.4; DevicePciBusId = "0000:C7:00.0"; GlobalMemoryMb = 40326; MaxSupportedVersion = 12040 ]
	GPUs_GPU_7075769e = [ Id = "GPU-7075769e"; Capability = 8.0; DeviceName = "NVIDIA A100-SXM4-40GB"; DeviceUuid = "7075769e-1f9f-765f-2004-668a76b76c70"; ECCEnabled = true; DriverVersion = 12.4; DevicePciBusId = "0000:85:00.0"; GlobalMemoryMb = 40326; MaxSupportedVersion = 12040 ]
	Memory = 131072
...
006 (12636959.000.000) 2025-05-28 15:12:57 Image size of job updated: 1500
	4  -  MemoryUsage of job (MB)
	3540  -  ResidentSetSize of job (KB)
...
006 (12636959.000.000) 2025-05-28 15:17:58 Image size of job updated: 2736320
	38  -  MemoryUsage of job (MB)
	38896  -  ResidentSetSize of job (KB)
...
006 (12636959.000.000) 2025-05-28 15:22:58 Image size of job updated: 363776748
	81733  -  MemoryUsage of job (MB)
	83694132  -  ResidentSetSize of job (KB)
...
006 (12636959.000.000) 2025-05-28 15:27:59 Image size of job updated: 370871896
	81768  -  MemoryUsage of job (MB)
	83729596  -  ResidentSetSize of job (KB)
...
006 (12636959.000.000) 2025-05-28 15:29:51 Image size of job updated: 370875516
	81772  -  MemoryUsage of job (MB)
	83733600  -  ResidentSetSize of job (KB)
...
040 (12636959.000.000) 2025-05-28 15:29:51 Started transferring output files
...
040 (12636959.000.000) 2025-05-28 15:29:59 Finished transferring output files
...
004 (12636959.000.000) 2025-05-28 15:29:59 Job was evicted.
	(0) CPU times
		Usr 0 00:19:42, Sys 0 00:05:03  -  Run Remote Usage
		Usr 0 00:00:00, Sys 0 00:00:00  -  Run Local Usage
	597340350  -  Run Bytes Sent By Job
	597333890  -  Run Bytes Received By Job
	Partitionable Resources :       Usage  Request Allocated Assigned
	   Cpus                 :        0           2         2 
	   Disk (KB)            : 75415929    83886080  83887104 
	   GPUs                 :        0.24        2         2 "GPU-59c54a86,GPU-7075769e"
	   GpusMemory (MB)      :     9086                       
	   Memory (MB)          :    81772      131072    131072 
	   TimeExecute (s)      :     1026                       
	   TimeSlotBusy (s)     :     1502                       
...
009 (12636959.000.000) 2025-05-28 15:29:59 Job was aborted.
	via condor_rm (by user ian.ross)
...
