000 (12642402.000.000) 2025-07-03 14:28:16 Job submitted from host: <128.105.68.62:9618?addrs=128.105.68.62-9618+[2607-f388-2200-100-eaeb-d3ff-fea3-416e]-9618&alias=ap40.uw.osg-htc.org&noUDP&sock=schedd_1629459_eb7d>
...
040 (12642402.000.000) 2025-07-03 14:29:18 Started transferring input files
	Transferring to host: <3.93.218.45:9618?addrs=3.93.218.45-9618&alias=ip-172-31-61-246.ec2.internal&noUDP&sock=slot1_1_3172_b5fa_2>
...
040 (12642402.000.000) 2025-07-03 14:35:43 Finished transferring input files
...
001 (12642402.000.000) 2025-07-03 14:35:43 Job executing on host: <3.93.218.45:9618?addrs=3.93.218.45-9618&alias=ip-172-31-61-246.ec2.internal&noUDP&sock=startd_3137_4caf>
	SlotName: slot1_1@ip-172-31-61-246.ec2.internal
	AvailableGPUs = { GPUs_GPU_72c87065 }
	CondorScratchDir = "/mnt/execute/dir_3735"
	Cpus = 2
	Disk = 83887104
	GPUs = 1
	GPUs_GPU_72c87065 = [ Id = "GPU-72c87065"; Capability = 8.9; DeviceName = "NVIDIA L4"; DeviceUuid = "72c87065-a990-ac57-e351-041be20935c5"; ECCEnabled = true; NvidiaDriver = "575.57.08"; DriverVersion = 12.9; DevicePciBusId = "0000:31:00.0"; GlobalMemoryMb = 22563; MaxSupportedVersion = 12090 ]
	Memory = 12288
...
006 (12642402.000.000) 2025-07-03 14:35:57 Image size of job updated: 15900
	16  -  MemoryUsage of job (MB)
	15900  -  ResidentSetSize of job (KB)
...
006 (12642402.000.000) 2025-07-03 14:40:57 Image size of job updated: 15916
	16  -  MemoryUsage of job (MB)
	15916  -  ResidentSetSize of job (KB)
...
006 (12642402.000.000) 2025-07-03 14:41:30 Image size of job updated: 259900
	16  -  MemoryUsage of job (MB)
	15916  -  ResidentSetSize of job (KB)
...
040 (12642402.000.000) 2025-07-03 14:41:30 Started transferring output files
...
040 (12642402.000.000) 2025-07-03 14:41:30 Finished transferring output files
...
021 (12642402.000.000) 2025-07-03 14:41:30 Error from starter on slot1_1@ip-172-31-61-246.ec2.internal:
	STARTER at 172.31.61.246 failed to send file(s) to <128.105.68.62:9618>: |Error: reading from file /mnt/execute/dir_3735/output: (errno 2) No such file or directory; SHADOW failed to receive file(s) from <3.93.218.45:41241>
	Code 13 Subcode 2
...
004 (12642402.000.000) 2025-07-03 14:41:30 Job was evicted. Code 12 Subcode 2
	(0) CPU times
		Usr 0 00:04:53, Sys 0 00:01:57  -  Run Remote Usage
		Usr 0 00:00:00, Sys 0 00:00:00  -  Run Local Usage
	0  -  Run Bytes Sent By Job
	26463290888  -  Run Bytes Received By Job
	Reason: Transfer output files failure at execution point slot1_1@ip-172-31-61-246.ec2.internal while sending files to access point ap40. Details: reading from file /mnt/execute/dir_3735/output: (errno 2) No such file or directory
	Partitionable Resources :       Usage  Request Allocated Assigned
	   Cpus                 :        1.31        2         2 
	   Disk (KB)            : 72170999    83886080  83887104 
	   GPUs                 :                    1         1 "GPU-72c87065"
	   Memory (MB)          :       16       12288     12288 
	   TimeExecute (s)      :      347                       
	   TimeSlotBusy (s)     :      732                       
...
012 (12642402.000.000) 2025-07-03 14:41:30 Job was held.
	Transfer output files failure at execution point slot1_1@ip-172-31-61-246.ec2.internal while sending files to access point ap40. Details: reading from file /mnt/execute/dir_3735/output: (errno 2) No such file or directory
	Code 12 Subcode 2
...
009 (12642402.000.000) 2025-07-03 14:42:26 Job was aborted.
	via condor_rm (by user ian.ross)
...
